// Jest Snapshot v1, https://goo.gl/fbAQLP

exports[`EditorInfoUserTabComponent should create 1`] = `
<div
  id="root0"
  ng-version="7.0.3"
>
  <div
    class="container"
  >
    
    <div
      class="lmask"
    />
    
    
  </div>
</div>
`;
