// Jest Snapshot v1, https://goo.gl/fbAQLP

exports[`LoginComponent should create 1`] = `
<div
  id="root0"
  ng-version="7.0.3"
>
  <div
    class="container"
  >
    
    <h1>
      LOGIN.TITLE
    </h1>
    <form
      class="ng-untouched ng-pristine ng-invalid"
      ng-reflect-form="[object Object]"
      novalidate=""
    >
      <div
        class="form-group"
      >
        <label>
          INFO.USERNAME 
          <input
            class="form-control ng-untouched ng-pristine ng-invalid"
            formcontrolname="userName"
            ng-reflect-name="userName"
          />
        </label>
        
        
      </div>
      <div
        class="form-group"
      >
        <label>
          INFO.PASSWORD 
          <input
            class="form-control ng-untouched ng-pristine ng-invalid"
            formcontrolname="password"
            ng-reflect-name="password"
            type="password"
          />
        </label>
        
      </div>
      <button
        class="btn btn-default"
        disabled=""
        type="submit"
      >
        INFO.SUBMITBTN
      </button>
      <a
        class="btn btn-info"
        href="/account/forgotPassword"
        ng-reflect-router-link="/account/forgotPassword"
        routerlink="/account/forgotPassword"
      >
        INFO.FORGOTPASSWBTN
      </a>
    </form>
    
    
  </div>
</div>
`;
