// Jest Snapshot v1, https://goo.gl/fbAQLP

exports[`ForgotPasswordPageComponent should create 1`] = `
<div
  id="root0"
  ng-version="7.0.3"
>
  <div
    class="container"
  >
    
    <h1>
      INFO.FORGOTPAGETITLE
    </h1>
    <form
      class="ng-untouched ng-pristine ng-invalid"
      ng-reflect-form="[object Object]"
      novalidate=""
    >
      <div
        class="form-group"
      >
        <label>
          INFO.USERNAME 
          <input
            class="form-control ng-untouched ng-pristine ng-invalid"
            formcontrolname="userName"
            ng-reflect-name="userName"
          />
        </label>
        
        
      </div>
      <div
        class="form-group"
      >
        <label>
          INFO.OLDPASSWORD 
          <input
            class="form-control ng-untouched ng-pristine ng-invalid"
            formcontrolname="oldPassword"
            ng-reflect-name="oldPassword"
            type="password"
          />
        </label>
        
      </div>
      <div
        class="form-group"
      >
        <label>
          INFO.NEWPASSWORD 
          <input
            class="form-control ng-untouched ng-pristine ng-invalid"
            formcontrolname="newPassword"
            ng-reflect-name="newPassword"
            type="password"
          />
        </label>
        
      </div>
      <button
        class="btn btn-default"
        disabled=""
        type="submit"
      >
        INFO.SUBMITBTN
      </button>
    </form>
    
    
  </div>
</div>
`;
