// Jest Snapshot v1, https://goo.gl/fbAQLP

exports[`UserNameValidator checkName: Should correctly check name 1`] = `false`;

exports[`UserNameValidator checkName: Should correctly check name 2`] = `true`;
